2026-09-25T08:03:13Z	opened	evaluate:full
2026-09-25T09:09:11Z	opened	research:R1_daily
2026-09-25T09:14:17Z	opened	research:R1_daily,R2_daily_trend8
2026-09-25T09:21:59Z	opened	research-ls:rules
2026-09-25T09:22:33Z	opened	research-ls:rules
2026-09-25T09:27:35Z	opened	replication-check:longshort daily-return diff
2026-09-25T09:28:33Z	opened	research-ls:L1_daily_trend8_ls3
2026-09-25T09:29:03Z	opened	research-ls:L1 short-episodes
2026-09-25T09:34:07Z	opened	research-ls:funding-carry-audit
2026-09-25T09:35:08Z	opened	research-ls-decomp(diagnostic)
2026-09-25T09:35:22Z	opened	research-ls-decomp(diagnostic)
2026-09-25T09:36:59Z	opened	research-ls:funding-carry-audit
2026-09-25T09:37:41Z	opened	research-ls-decomp(diagnostic)
2026-09-25T09:45:14Z	opened	judge_1_0
2026-09-25T09:45:53Z	opened	research:R1_daily,R2_daily_trend8,R3_daily_trend8_log5,R4_daily_trend8_mv2,R5_daily_trend8_gateSw,R6_daily_trend8_uniform,R7_daily_trend8_drift0
2026-09-25T09:45:53Z	opened	research-ls:L1_daily_trend8_ls3,L2_daily_trend8_ls5,L3_daily_trend8_ls3_drift0
2026-09-25T09:58:46Z	opened	research-screen:R1_daily,R2_daily_trend8,R3_daily_trend8_log5,R4_daily_trend8_mv2,R6_daily_trend8_uniform,R7_daily_trend8_drift0
2026-09-25T10:12:00Z	opened	research-screen:R8_daily_trend8_drift05,R9_daily_trend8_down2,R10_daily_veto_b2,R12_daily_trend8_uniform_log5
2026-09-25T10:15:07Z	opened	research-ls:L1_daily_trend8_ls3,L2_daily_trend8_ls5,L3_daily_trend8_ls3_drift0
2026-09-25T10:48:48Z	opened	research-screen:R11_direct_loggrowth
